
> frontend@0.1.0 build
> next build

⚠ Warning: Next.js inferred your workspace root, but it may not be correct.
 We detected multiple lockfiles and selected the directory of /Users/taranjeetsingh/package-lock.json as the root directory.
 To silence this warning, set `turbopack.root` in your Next.js config, or consider removing one of the lockfiles if it's not needed.
   See https://nextjs.org/docs/app/api-reference/config/next-config-js/turbopack#root-directory for more information.
 Detected additional lockfiles: 
   * /Users/taranjeetsingh/Documents/dev/noteqo/frontend/package-lock.json

▲ Next.js 16.2.3 (Turbopack)

  Creating an optimized production build ...

> Build error occurred
Error: Turbopack build failed with 2 errors:
./Documents/dev/noteqo/frontend/components/layout/Sidebar/SharedSpaceSettingsDialog.tsx:7:1
Export Trash01Icon doesn't exist in target module
  [90m 5 |[0m [36mimport[0m { useSpaceMembers, useAddSpaceMember, useRemoveSpaceMember } [36mfr..[0m.
  [90m 6 |[0m [36mimport[0m { [33mButton[0m } [36mfrom[0m [32m"@/components/ui/button"[0m;
[31m[1m>[0m [90m 7 |[0m [36mimport[0m { [33mTrash01Icon[0m } [36mfrom[0m [32m"@hugeicons/core-free-icons"[0m;
  [90m   |[0m [31m[1m^^^^^^^^^^^^^^^^^^^^^^^^^^^^^^^^^^^^^^^^^^^^^^^^^^^^^^^^^[0m
  [90m 8 |[0m [36mimport[0m { [33mHugeiconsIcon[0m } [36mfrom[0m [32m"@hugeicons/react"[0m;
  [90m 9 |[0m [36mimport[0m [36mtype[0m { [33mSpace[0m } [36mfrom[0m [32m"@/features/spaces/types/spaces.types"[0m;
  [90m10 |[0m

The export Trash01Icon was not found in module [project]/Documents/dev/noteqo/frontend/node_modules/@hugeicons/core-free-icons/dist/esm/index.min.js [app-client] (ecmascript).
Did you mean to import Task01Icon?
All exports of the module are statically known (It doesn't have dynamic exports). So it's known statically that the requested export doesn't exist.

Import traces:
  Client Component Browser:
    ./Documents/dev/noteqo/frontend/components/layout/Sidebar/SharedSpaceSettingsDialog.tsx [Client Component Browser]
    ./Documents/dev/noteqo/frontend/components/layout/Sidebar/Sidebar.tsx [Client Component Browser]
    ./Documents/dev/noteqo/frontend/components/layout/Sidebar/Sidebar.tsx [Server Component]
    ./Documents/dev/noteqo/frontend/app/(workspace)/layout.tsx [Server Component]

  Client Component SSR:
    ./Documents/dev/noteqo/frontend/components/layout/Sidebar/SharedSpaceSettingsDialog.tsx [Client Component SSR]
    ./Documents/dev/noteqo/frontend/components/layout/Sidebar/Sidebar.tsx [Client Component SSR]
    ./Documents/dev/noteqo/frontend/components/layout/Sidebar/Sidebar.tsx [Server Component]
    ./Documents/dev/noteqo/frontend/app/(workspace)/layout.tsx [Server Component]


./Documents/dev/noteqo/frontend/components/layout/Sidebar/SharedSpaceSettingsDialog.tsx:7:1
Export Trash01Icon doesn't exist in target module
  [90m 5 |[0m [36mimport[0m { useSpaceMembers, useAddSpaceMember, useRemoveSpaceMember } [36mfr..[0m.
  [90m 6 |[0m [36mimport[0m { [33mButton[0m } [36mfrom[0m [32m"@/components/ui/button"[0m;
[31m[1m>[0m [90m 7 |[0m [36mimport[0m { [33mTrash01Icon[0m } [36mfrom[0m [32m"@hugeicons/core-free-icons"[0m;
  [90m   |[0m [31m[1m^^^^^^^^^^^^^^^^^^^^^^^^^^^^^^^^^^^^^^^^^^^^^^^^^^^^^^^^^[0m
  [90m 8 |[0m [36mimport[0m { [33mHugeiconsIcon[0m } [36mfrom[0m [32m"@hugeicons/react"[0m;
  [90m 9 |[0m [36mimport[0m [36mtype[0m { [33mSpace[0m } [36mfrom[0m [32m"@/features/spaces/types/spaces.types"[0m;
  [90m10 |[0m

The export Trash01Icon was not found in module [project]/Documents/dev/noteqo/frontend/node_modules/@hugeicons/core-free-icons/dist/esm/index.min.js [app-ssr] (ecmascript).
Did you mean to import Task01Icon?
All exports of the module are statically known (It doesn't have dynamic exports). So it's known statically that the requested export doesn't exist.

Import traces:
  Client Component Browser:
    ./Documents/dev/noteqo/frontend/components/layout/Sidebar/SharedSpaceSettingsDialog.tsx [Client Component Browser]
    ./Documents/dev/noteqo/frontend/components/layout/Sidebar/Sidebar.tsx [Client Component Browser]
    ./Documents/dev/noteqo/frontend/components/layout/Sidebar/Sidebar.tsx [Server Component]
    ./Documents/dev/noteqo/frontend/app/(workspace)/layout.tsx [Server Component]

  Client Component SSR:
    ./Documents/dev/noteqo/frontend/components/layout/Sidebar/SharedSpaceSettingsDialog.tsx [Client Component SSR]
    ./Documents/dev/noteqo/frontend/components/layout/Sidebar/Sidebar.tsx [Client Component SSR]
    ./Documents/dev/noteqo/frontend/components/layout/Sidebar/Sidebar.tsx [Server Component]
    ./Documents/dev/noteqo/frontend/app/(workspace)/layout.tsx [Server Component]


    at <unknown> (./Documents/dev/noteqo/frontend/components/layout/Sidebar/SharedSpaceSettingsDialog.tsx:7:1)
    at <unknown> (./Documents/dev/noteqo/frontend/components/layout/Sidebar/SharedSpaceSettingsDialog.tsx:7:1)
